#!/usr/bin/env python

from twisted.application import internet, service
from twisted.python.log import ILogObserver, FileLogObserver
from twisted.python.logfile import DailyLogFile

from modules import bot

# edit this variable to use a different config file
CONFIG = "~/.botrc"

# you shouldn't have to edit this... edit ~/.botrc instead
DEFAULT_NAME = "omniglotbot"
DEFAULT_SERVER = "irc.amazon.com"
DEFAULT_PORT = 6667
DEFAULT_LOG = "bot.log"
DEFAULT_LOGDIR = "/tmp"


def makeBot(conf, logfile):
    application = service.Application("bot")
    application.setComponent(ILogObserver, FileLogObserver(logfile).emit)
    f = bot.Factory(name=conf['name'], protocol=bot.Client)
    botService = internet.TCPClient(conf['server'], int(conf['port']), f)
    botService.setServiceParent(application)
    f.service = botService
    return application


def readConfig(file):
    conf = {"server": DEFAULT_SERVER,
            "port":   DEFAULT_PORT,
            "name":   DEFAULT_NAME,
            "log":    DEFAULT_LOG,
            "logdir": DEFAULT_LOGDIR,
            }
    return conf

conf = readConfig(CONFIG)
logfile = DailyLogFile(conf['log'], conf['logdir'])
application = makeBot(conf, logfile)
